rm -f bin/*.o bin/sim
rm -f *.csv
gcc -std=c99 -Wall -Wextra -g -c src/compute_node.c -o bin/compute_node.o
gcc -std=c99 -Wall -Wextra -g -c src/main.c -o bin/main.o
gcc -std=c99 -Wall -Wextra -g -c src/memory_node.c -o bin/memory_node.o
gcc -std=c99 -Wall -Wextra -g -c src/packet.c -o bin/packet.o
gcc -std=c99 -Wall -Wextra -g -c src/port.c -o bin/port.o
gcc -std=c99 -Wall -Wextra -g bin/compute_node.o bin/main.o bin/memory_node.o bin/packet.o bin/port.o -o bin/sim
No segfault here!.
No segfault until switchnode init.
No segfault until memorynode init.
No segfault until memory init.
No segfault until switchnode init.
number of objects in memory node: 104448.
PACKET CNT: 200000
Ended on global time: 40000000
ADDRESS	VALUE	VALIDITY
196f6	deadbeef	4
19708	deadbeef	2
19727	deadbeef	0
1979d	deadbeef	4
195df	deadbeef	4
19609	deadbeef	0
37b7	deadbeef	4
19641	deadbeef	4
196e6	deadbeef	3
196ef	deadbeef	2


Invalidation Messages from switch: 59726
Invalidations from memory to switch: 59726
Read requests to memory nodes: 163940
Write requests to memory nodes: 34349
Transfer requests from memory nodes: 96353
State change requests from memory node: 384533
Compute node to compute node data transfers: 48180
Compute node to memory node data transfers: 167292
Memory node to compute node data transfer: 115760



Pkt Sizes (KB):
Invalidations from switch: 477.808000
Invalidations from memory nodes: 477.808000
Read requests: 12690.496000
Write requests: 0.000000
Transfer requests: 770.824000
Compute -> Compute transfers: 5540.854500
Compute -> Memory transfers: 18536.619000
Memory -> Compute transfers: 8811.609750




Distributions (KB)
Compute->Switch Memory: 36767.969500
Compute->Switch Coherence: 0

Switch->Compute Memory: 14352.464250
Switch->Compute Coherence: 4324.896000

Memory->Switch Memory: 8811.609750
Memory->Switch Coherence: 4324.896000

Switch->Memory Memory: 31227.115000
Switch->Memory Coherence: 0.000000

